// Jest Snapshot v1, https://goo.gl/fbAQLP

exports[`Iron Components IronPages should render selected page 1`] = `
<div
  className="iron-selector"
>
  <div
    className="iron-selected"
  >
    <div>
      One
    </div>
  </div>
</div>
`;
