// Jest Snapshot v1, https://goo.gl/fbAQLP

exports[`Spinner should render 1`] = `
.c0 {
  fill: none;
  stroke: var(--px-spinner-background-color,gray);
  stroke-width: 5px;
}

.c1 {
  fill: none;
  stroke: var(--px-spinner-fill-color,black);
  stroke-width: 5px;
  stroke-dasharray: 283;
  stroke-dashoffset: 566;
  -webkit-animation: ffGLem 1.5s infinite cubic-bezier(0.78,0.13,0.16,0.87);
  animation: ffGLem 1.5s infinite cubic-bezier(0.78,0.13,0.16,0.87);
}

<div>
  <svg
    height={100}
    viewBox="0 0 100 100"
    width={100}
  >
    <circle
      className="c0"
      cx="50"
      cy="50"
      r="45"
    />
    <circle
      className="c1"
      cx="50"
      cy="50"
      r="45"
      transform="rotate(-45,50,50)"
    />
  </svg>
</div>
`;

exports[`Spinner should render with value 1`] = `
.c0 {
  fill: none;
  stroke: var(--px-spinner-background-color,gray);
  stroke-width: 5px;
}

.c1 {
  fill: none;
  stroke: var(--px-spinner-fill-color,black);
  stroke-width: 5px;
  stroke-dasharray: 283;
  stroke-dashoffset: 566;
  -webkit-animation: ffGLem 1.5s infinite cubic-bezier(0.78,0.13,0.16,0.87);
  animation: ffGLem 1.5s infinite cubic-bezier(0.78,0.13,0.16,0.87);
}

<div>
  <svg
    height={100}
    viewBox="0 0 100 100"
    width={100}
  >
    <circle
      className="c0"
      cx="50"
      cy="50"
      r="45"
    />
    <circle
      className="c1"
      cx="50"
      cy="50"
      r="45"
      transform="rotate(-45,50,50)"
    />
  </svg>
</div>
`;
