// Jest Snapshot v1, https://goo.gl/fbAQLP

exports[`px-breadcrumbs renders correctly 1`] = `
.c1 {
  color: var(--iron-icon-stroke-color,inherit);
  fill: var(--iron-icon-fill-color,none);
  stroke: var(--iron-icon-stroke-color,currentColor);
  display: -webkit-inline-box;
  display: -webkit-inline-flex;
  display: -ms-inline-flexbox;
  display: inline-flex;
  -webkit-align-items: center;
  -webkit-box-align: center;
  -ms-flex-align: center;
  align-items: center;
  -webkit-box-pack: center;
  -webkit-justify-content: center;
  -ms-flex-pack: center;
  justify-content: center;
  position: relative;
  vertical-align: middle;
  width: var(--iron-icon-width);
  height: var(--iron-icon-height);
}

.c1 > svg {
  color: var(--iron-icon-stroke-color,inherit);
  fill: var(--iron-icon-fill-color,none);
  stroke: var(--iron-icon-stroke-color,currentColor);
  position: relative;
  vertical-align: middle;
}

.c1.hidden {
  display: none;
}

.c0 {
  display: -webkit-box;
  display: -webkit-flex;
  display: -ms-flexbox;
  display: flex;
  -webkit-align-items: center;
  -webkit-box-align: center;
  -ms-flex-align: center;
  align-items: center;
}

<div>
  <div
    className="c0"
  >
    <div
      className="breadcrumbTopItem"
      data-index={0}
    >
      <div
        className="c0"
      >
        <span
          className="actionable actionable--action u-ph-"
          onClick={[Function]}
        >
          North America
        </span>
      </div>
    </div>
    <div
      className="breadcrumbTopItem"
      data-index={1}
    >
      <div
        className="c0"
      >
        <i
          className="px-icon px-utl-chevron-right c1"
          color={null}
          style={
            Object {
              "height": 24,
              "width": 24,
            }
          }
        >
          <svg
            dangerouslySetInnerHTML={
              Object {
                "__html": "<g id=\\"px-utl-chevron-right\\"><path stroke-linejoin=\\"round\\" d=\\"M6.2 13.2l5.4-5.5-5.5-5.5\\"/></g>",
              }
            }
            preserveAspectRatio="xMidYMid meet"
            style={
              Object {
                "display": "block",
                "height": 24,
                "pointerEvents": "none",
                "width": 24,
              }
            }
            viewBox="0 0 16 16"
          />
        </i>
        <span
          className="actionable actionable--action u-ph-"
          onClick={[Function]}
        >
          United States of America
        </span>
      </div>
    </div>
    <div
      className="breadcrumbTopItem"
      data-index={2}
    >
      <div
        className="c0"
      >
        <i
          className="px-icon px-utl-chevron-right c1"
          color={null}
          style={
            Object {
              "height": 24,
              "width": 24,
            }
          }
        >
          <svg
            dangerouslySetInnerHTML={
              Object {
                "__html": "<g id=\\"px-utl-chevron-right\\"><path stroke-linejoin=\\"round\\" d=\\"M6.2 13.2l5.4-5.5-5.5-5.5\\"/></g>",
              }
            }
            preserveAspectRatio="xMidYMid meet"
            style={
              Object {
                "display": "block",
                "height": 24,
                "pointerEvents": "none",
                "width": 24,
              }
            }
            viewBox="0 0 16 16"
          />
        </i>
        <span
          className="actionable actionable--action u-ph-"
          onClick={[Function]}
        >
          California
        </span>
      </div>
    </div>
    <div
      className="breadcrumbTopItem"
      data-index={3}
    >
      <div
        className="c0"
      >
        <i
          className="px-icon px-utl-chevron-right c1"
          color={null}
          style={
            Object {
              "height": 24,
              "width": 24,
            }
          }
        >
          <svg
            dangerouslySetInnerHTML={
              Object {
                "__html": "<g id=\\"px-utl-chevron-right\\"><path stroke-linejoin=\\"round\\" d=\\"M6.2 13.2l5.4-5.5-5.5-5.5\\"/></g>",
              }
            }
            preserveAspectRatio="xMidYMid meet"
            style={
              Object {
                "display": "block",
                "height": 24,
                "pointerEvents": "none",
                "width": 24,
              }
            }
            viewBox="0 0 16 16"
          />
        </i>
        <span
          className="actionable actionable--action u-ph-"
          onClick={[Function]}
        >
          San Ramon
        </span>
      </div>
    </div>
  </div>
</div>
`;
