// Jest Snapshot v1, https://goo.gl/fbAQLP

exports[`Popover should render 1`] = `null`;
