// Jest Snapshot v1, https://goo.gl/fbAQLP

exports[`Grid should render 1`] = `
.c0 {
  display: grid;
}

<div
  className="c0"
/>
`;
